[2026-02-11 17:43:47] INFO: Starting ScrobbleClaw check...
[2026-02-11 17:43:47] INFO: Last check: 2026-02-11 16:43:47.696369
[2026-02-11 17:43:47] ERROR: Error fetching Last.fm data: 403 Client Error: Forbidden for url: http://ws.audioscrobbler.com/2.0/?method=user.getRecentTracks&user=YOUR_LAST_FM_USERNAME&api_key=YOUR_LAST_FM_API_KEY&format=json&limit=10&extended=1
[2026-02-11 17:43:47] INFO: No tracks found or error occurred
[2026-02-11 17:47:51] INFO: === TEST MODE ===
[2026-02-11 17:47:54] INFO: Test comment: Funny thing about Peter Gabriel - Sledgehammer, Talking Heads - Once in a Lifetime, David Bowie - Modern Love—Steve Lillywhite had their hands in all of them. Check the credits. Same producer, different universes.
[2026-02-11 17:52:01] INFO: Starting ScrobbleClaw check...
[2026-02-11 17:52:01] INFO: Last check: 2026-02-11 16:52:01.291060
[2026-02-11 17:52:01] INFO: Analyzing 5 tracks: ['On the Bound', "Strugglin'", 'Bloodstain', 'Wardrope', 'Kiro TV']
[2026-02-11 17:52:25] INFO: Starting ScrobbleClaw check...
[2026-02-11 17:52:25] INFO: Last check: 2026-02-11 16:52:25.110029
[2026-02-11 17:52:25] INFO: Analyzing 5 tracks: ['On the Bound', "Strugglin'", 'Bloodstain', 'Wardrope', 'Kiro TV']
[2026-02-11 17:52:25] WARNING: Skipping track with missing artist: On the Bound
[2026-02-11 17:52:25] WARNING: Skipping track with missing artist: Strugglin'
[2026-02-11 17:52:25] WARNING: Skipping track with missing artist: Bloodstain
[2026-02-11 17:52:25] WARNING: Skipping track with missing artist: Wardrope
[2026-02-11 17:52:25] WARNING: Skipping track with missing artist: Kiro TV
[2026-02-11 17:52:25] INFO: No interesting patterns found this time
[2026-02-11 17:53:08] INFO: Starting ScrobbleClaw check...
[2026-02-11 17:53:08] INFO: Last check: 2026-02-11 17:02:50
[2026-02-11 17:53:08] INFO: Analyzing 4 tracks: ['On the Bound', "Strugglin'", 'Bloodstain', 'Wardrope']
[2026-02-11 17:53:13] INFO: Generated comment: Listening to Fiona Apple - On the Bound. Fiona Apple on Wikipedia has a rabbit hole worth falling in...
[2026-02-11 17:53:24] INFO: Starting ScrobbleClaw check...
[2026-02-11 17:53:24] INFO: Last check: 2026-02-11 17:06:34
[2026-02-11 17:53:24] INFO: Analyzing 3 tracks: ['On the Bound', "Strugglin'", 'Bloodstain']
[2026-02-11 17:53:27] INFO: Generated comment: Listening to Fiona Apple - On the Bound. Fiona Apple on Wikipedia has a rabbit hole worth falling in...
[2026-02-11 17:57:08] INFO: Starting ScrobbleClaw check...
[2026-02-11 17:57:08] INFO: Last check: 2026-02-11 17:11:04
[2026-02-11 17:57:09] INFO: Analyzing 2 tracks: ['On the Bound', "Strugglin'"]
[2026-02-11 17:57:12] INFO: Generated comment: Listening to Fiona Apple - On the Bound. Fiona Apple on Wikipedia has a rabbit hole worth falling in...
[2026-02-11 17:57:23] INFO: Rotated history file: kept last 50 entries
[2026-02-11 17:57:42] INFO: Starting ScrobbleClaw check...
[2026-02-11 17:57:42] INFO: Last check: 2026-02-11 17:11:04
[2026-02-11 17:57:42] INFO: Analyzing 2 tracks: ['On the Bound', "Strugglin'"]
[2026-02-11 17:57:44] INFO: Generated comment: Listening to Fiona Apple - On the Bound. Fiona Apple on Wikipedia has a rabbit hole worth falling in...
[2026-02-11 18:00:19] INFO: Starting ScrobbleClaw check...
[2026-02-11 18:00:19] INFO: Last check: 2026-02-11 17:15:56
[2026-02-11 18:00:19] INFO: Analyzing 2 tracks: ["Papa's Got A Brand New Bag - Pt. 1", 'On the Bound']
[2026-02-11 18:00:22] INFO: Generated comment: Funny thing about James Brown - Papa's Got A Brand New Bag - Pt. 1, Fiona Apple - On the Bound—Worki...
[2026-02-11 18:01:58] INFO: Starting ScrobbleClaw check...
[2026-02-11 18:01:58] INFO: Last check: 2026-02-11 17:19:34
[2026-02-11 18:01:59] INFO: Analyzing 2 tracks: ['Himeibu', "Papa's Got A Brand New Bag - Pt. 1"]
[2026-02-11 18:02:02] INFO: Generated comment: Funny thing about DJ Krush - Himeibu, James Brown - Papa's Got A Brand New Bag - Pt. 1—Working Man h...
[2026-02-11 18:03:59] INFO: Starting ScrobbleClaw check...
[2026-02-11 18:03:59] INFO: Last check: 2026-02-11 17:58:26
[2026-02-11 18:03:59] INFO: Analyzing 1 tracks: ['Himeibu']
[2026-02-11 18:04:00] INFO: No interesting patterns found this time
[2026-02-11 18:04:04] INFO: Starting ScrobbleClaw check...
[2026-02-11 18:04:04] INFO: Last check: 2026-02-11 17:59:55
[2026-02-11 18:04:07] INFO: No new tracks since last check
[2026-02-11 18:04:10] INFO: === TEST MODE ===
[2026-02-11 18:04:14] INFO: Test comment: Funny thing about Peter Gabriel - Sledgehammer, Talking Heads - Once in a Lifetime, David Bowie - Modern Love—Steve Lillywhite had their hands in all of them. Steve Lillywhite, has been acclaimed as Gabriel's artistic breakthrough as a solo artist.... Same producer, different universes.
[2026-02-11 18:05:43] INFO: === TEST MODE ===
[2026-02-11 18:05:47] INFO: Test comment: Funny thing about Peter Gabriel - Sledgehammer, Talking Heads - Once in a Lifetime, David Bowie - Modern Love—Peter Gabriel had their hands in all of them. Peter Gabriel, released on 30 May 1980 by Charisma Records.... Same producer, different universes.
[2026-02-11 18:05:58] INFO: Starting ScrobbleClaw check...
[2026-02-11 18:05:58] INFO: Last check: 2026-02-11 17:59:55
[2026-02-11 18:05:59] INFO: No new tracks since last check
[2026-02-11 18:12:30] INFO: Starting ScrobbleClaw check...
[2026-02-11 18:12:30] INFO: Last check: 2026-02-11 17:59:55
[2026-02-11 18:12:31] INFO: Analyzing 1 tracks: ['Get Up I Feel Like Being Like A Sex Machine, Pts. 1 & 2']
[2026-02-11 18:12:35] INFO: No interesting patterns found this time
[2026-02-11 18:12:50] INFO: Starting ScrobbleClaw check...
[2026-02-11 18:12:50] INFO: Last check: 2026-02-11 18:03:56
[2026-02-11 18:12:51] INFO: No new tracks since last check
[2026-02-11 18:13:14] INFO: Starting ScrobbleClaw check...
[2026-02-11 18:13:14] INFO: Last check: 2026-02-11 18:03:56
[2026-02-11 18:13:14] INFO: No new tracks since last check
[2026-02-11 18:30:05] INFO: Starting ScrobbleClaw check...
[2026-02-11 18:30:05] INFO: Last check: 2026-02-11 18:03:56
[2026-02-11 18:30:05] INFO: Analyzing 5 tracks: ['My Way', 'Break Stuff', 'God Only Knows - mono', 'Take a Look Around', 'Take a Look Around']
[2026-02-11 18:30:11] INFO: Generated comment: Listening to Limp Bizkit - My Way. Sam Rivers (bassist) on Wikipedia has a rabbit hole worth falling...
[2026-02-11 18:32:18] INFO: Starting ScrobbleClaw check...
[2026-02-11 18:32:18] INFO: Last check: 2026-02-11 18:11:49
[2026-02-11 18:32:18] INFO: Analyzing 4 tracks: ['My Way', 'Break Stuff', 'God Only Knows - mono', 'Take a Look Around']
[2026-02-11 18:32:23] INFO: Generated comment: Listening to Limp Bizkit - My Way. Sam Rivers (bassist) on Wikipedia has a rabbit hole worth falling...
[2026-02-11 18:32:18] INFO: Starting ScrobbleClaw check...
[2026-02-11 18:32:18] INFO: Last check: 2026-02-11 18:11:49
[2026-02-11 18:32:18] INFO: Analyzing 4 tracks: ['My Way', 'Break Stuff', 'God Only Knows - mono', 'Take a Look Around']
[2026-02-11 18:32:23] INFO: Generated comment: Listening to Limp Bizkit - My Way. Sam Rivers (bassist) on Wikipedia has a rabbit hole worth falling...
COMMENT_READY: Listening to Limp Bizkit - My Way. Sam Rivers (bassist) on Wikipedia has a rabbit hole worth falling into: Samuel Robert Rivers (September 2, 1977 – October 18, 2025) was an American musician. He was the bassist, backing vocalist and was one of the founding...
COMMENT_READY: Listening to Limp Bizkit - My Way. Sam Rivers (bassist) on Wikipedia has a rabbit hole worth falling into: Samuel Robert Rivers (September 2, 1977 – October 18, 2025) was an American musician. He was the bassist, backing vocalist and was one of the founding...
[2026-02-11 18:32:36] INFO: Starting ScrobbleClaw check...
[2026-02-11 18:32:36] INFO: Last check: 2026-02-11 18:16:53
[2026-02-11 18:32:37] INFO: Analyzing 3 tracks: ['My Way', 'Break Stuff', 'God Only Knows - mono']
[2026-02-11 18:32:40] INFO: Generated comment: Listening to Limp Bizkit - My Way. Sam Rivers (bassist) on Wikipedia has a rabbit hole worth falling...
[2026-02-11 18:32:36] INFO: Starting ScrobbleClaw check...
[2026-02-11 18:32:36] INFO: Last check: 2026-02-11 18:16:53
[2026-02-11 18:32:37] INFO: Analyzing 3 tracks: ['My Way', 'Break Stuff', 'God Only Knows - mono']
[2026-02-11 18:32:40] INFO: Generated comment: Listening to Limp Bizkit - My Way. Sam Rivers (bassist) on Wikipedia has a rabbit hole worth falling...
COMMENT_READY: Listening to Limp Bizkit - My Way. Sam Rivers (bassist) on Wikipedia has a rabbit hole worth falling into: Samuel Robert Rivers (September 2, 1977 – October 18, 2025) was an American musician. He was the bassist, backing vocalist and was one of the founding...
COMMENT_READY: Listening to Limp Bizkit - My Way. Sam Rivers (bassist) on Wikipedia has a rabbit hole worth falling into: Samuel Robert Rivers (September 2, 1977 – October 18, 2025) was an American musician. He was the bassist, backing vocalist and was one of the founding...
[2026-02-11 18:33:13] INFO: Starting ScrobbleClaw check...
[2026-02-11 18:33:13] INFO: Last check: 2026-02-11 18:20:33
[2026-02-11 18:33:14] INFO: Analyzing 2 tracks: ['My Way', 'Break Stuff']
[2026-02-11 18:33:16] INFO: Generated comment: Listening to Limp Bizkit - My Way. Sam Rivers (bassist) on Wikipedia has a rabbit hole worth falling...
[2026-02-11 18:33:13] INFO: Starting ScrobbleClaw check...
[2026-02-11 18:33:13] INFO: Last check: 2026-02-11 18:20:33
[2026-02-11 18:33:14] INFO: Analyzing 2 tracks: ['My Way', 'Break Stuff']
[2026-02-11 18:33:16] INFO: Generated comment: Listening to Limp Bizkit - My Way. Sam Rivers (bassist) on Wikipedia has a rabbit hole worth falling...
COMMENT_READY: Listening to Limp Bizkit - My Way. Sam Rivers (bassist) on Wikipedia has a rabbit hole worth falling into: Samuel Robert Rivers (September 2, 1977 – October 18, 2025) was an American musician. He was the bassist, backing vocalist and was one of the founding...
COMMENT_READY: Listening to Limp Bizkit - My Way. Sam Rivers (bassist) on Wikipedia has a rabbit hole worth falling into: Samuel Robert Rivers (September 2, 1977 – October 18, 2025) was an American musician. He was the bassist, backing vocalist and was one of the founding...
[2026-02-11 18:46:41] INFO: Starting ScrobbleClaw check...
[2026-02-11 18:46:41] INFO: Last check: 2026-02-11 18:24:12
[2026-02-11 18:46:42] INFO: Analyzing 2 tracks: ['Stroker Ace', 'My Way']
[2026-02-11 18:47:10] INFO: Starting ScrobbleClaw check...
[2026-02-11 18:47:10] INFO: Last check: 2026-02-11 18:27:41
[2026-02-11 18:47:10] INFO: Analyzing 1 tracks: ['Stroker Ace']
[2026-02-11 18:47:12] INFO: No interesting patterns found this time
[2026-02-11 18:47:19] INFO: === TEST MODE ===
[2026-02-11 18:47:22] INFO: Test comment: Funny thing about Peter Gabriel - Sledgehammer, Talking Heads - Once in a Lifetime, David Bowie - Modern Love—Peter Gabriel had their hands in all of them. Peter Gabriel, released on 30 May 1980 by Charisma Records.... Same producer, different universes.
[2026-02-11 18:48:15] INFO: Starting ScrobbleClaw check...
[2026-02-11 18:48:15] INFO: Last check: 2026-02-11 18:42:06
[2026-02-11 18:48:15] INFO: No new tracks since last check
[2026-02-11 18:52:29] INFO: === TEST MODE ===
[2026-02-11 18:52:33] INFO: Test comment: Funny thing about Peter Gabriel - Sledgehammer, Talking Heads - Once in a Lifetime, David Bowie - Modern Love—Peter Gabriel had their hands in all of them. Peter Gabriel, released on 30 May 1980 by Charisma Records.... Same producer, different universes.
[2026-02-11 19:00:04] INFO: Starting ScrobbleClaw check...
[2026-02-11 19:00:04] INFO: Last check: 2026-02-11 18:42:06
[2026-02-11 19:00:04] INFO: Analyzing 1 tracks: ['Kind Of Latin Rhythm']
[2026-02-11 19:00:07] INFO: No interesting patterns found this time
[2026-02-11 19:18:38] INFO: Starting ScrobbleClaw check...
[2026-02-11 19:18:38] INFO: Last check: 2026-02-11 18:49:22
[2026-02-11 19:18:38] INFO: Analyzing 1 tracks: ['Vitamin C']
[2026-02-11 19:18:41] INFO: No interesting patterns found this time
[2026-02-11 19:30:11] INFO: Starting ScrobbleClaw check...
[2026-02-11 19:30:11] INFO: Last check: 2026-02-11 19:14:16
[2026-02-11 19:30:11] INFO: Analyzing 3 tracks: ['Force 10 From Navarone', 'Force 10 From Navarone', 'Pepper']
[2026-02-11 19:30:19] INFO: Generated comment: Listening to Sleaford Mods - Force 10 From Navarone. Here's the rabbit hole: They are known for thei...
[2026-02-11 19:47:44] INFO: Starting ScrobbleClaw check...
[2026-02-11 19:47:44] INFO: Last check: 2026-02-11 19:17:51
[2026-02-11 19:47:45] INFO: Analyzing 3 tracks: ['Aylesbury Boy', 'Force 10 From Navarone', 'Force 10 From Navarone']
[2026-02-11 19:47:52] INFO: Generated comment: Listening to Baxter Dury - Aylesbury Boy. Here's something to dig into: Baxter Dury (born 18 Decembe...
[2026-02-11 20:00:46] INFO: Starting ScrobbleClaw check...
[2026-02-11 20:00:46] INFO: Last check: 2026-02-11 19:22:49
[2026-02-11 20:00:46] INFO: Analyzing 5 tracks: ['Who Dares Wins', 'Too Much Brandy', 'Turn the Page', 'Fit But You Know It', 'Aylesbury Boy']
[2026-02-11 20:00:59] WARNING: MusicBrainz search error for 'Baxter Dury - Aylesbury Boy': ('Connection aborted.', ConnectionResetError(104, 'Connection reset by peer'))
[2026-02-11 20:00:59] INFO: Generated comment: Funny thing about The Streets - Who Dares Wins, The Streets - Too Much Brandy, The Streets - Turn th...
[2026-02-11 20:30:42] INFO: Starting ScrobbleClaw check...
[2026-02-11 20:30:42] INFO: Last check: 2026-02-11 19:31:26
[2026-02-11 20:30:43] INFO: Analyzing 5 tracks: ["Don't Mug Yourself", 'Who Dares Wins', 'Too Much Brandy', 'Turn the Page', 'Fit But You Know It']
[2026-02-11 20:30:52] WARNING: MusicBrainz performer lookup error: ('Connection aborted.', ConnectionResetError(104, 'Connection reset by peer'))
[2026-02-11 20:30:56] WARNING: MusicBrainz search error for 'The Streets - Fit But You Know It': ('Connection aborted.', ConnectionResetError(104, 'Connection reset by peer'))
[2026-02-11 20:30:56] INFO: Could not generate comment from connection
[2026-02-11 21:00:38] INFO: Starting ScrobbleClaw check...
[2026-02-11 21:00:38] INFO: Last check: 2026-02-11 19:50:28
[2026-02-11 21:00:39] INFO: Analyzing 5 tracks: ['Next Frontier', 'Been Through Hell', 'Tear The Roof Off', "Don't Mug Yourself", 'Who Dares Wins']
[2026-02-11 21:00:39] INFO: Rotated history file: kept last 50 entries
[2026-02-11 21:00:47] WARNING: MusicBrainz search error for 'Bliss n Eso - Been Through Hell': ('Connection aborted.', ConnectionResetError(104, 'Connection reset by peer'))
[2026-02-11 21:00:48] WARNING: MusicBrainz search error for 'Watsky - Tear The Roof Off': ('Connection aborted.', ConnectionResetError(104, 'Connection reset by peer'))
[2026-02-11 21:00:51] INFO: Generated comment: Listening to Bliss n Eso - Next Frontier. Here's something to dig into: Circus In The Sky is the fif...
[2026-02-11 21:01:56] INFO: Starting ScrobbleClaw check...
[2026-02-11 21:01:56] INFO: Last check: 2026-02-11 19:59:51
[2026-02-11 21:01:56] INFO: Analyzing 4 tracks: ['Next Frontier', 'Been Through Hell', 'Tear The Roof Off', "Don't Mug Yourself"]
[2026-02-11 21:01:56] INFO: Rotated history file: kept last 50 entries
[2026-02-11 21:02:06] INFO: Generated comment: Listening to Bliss n Eso - Next Frontier. Here's something to dig into: Circus In The Sky is the fif...
[2026-02-11 21:30:35] INFO: Starting ScrobbleClaw check...
[2026-02-11 21:30:35] INFO: Last check: 2026-02-11 20:00:25
[2026-02-11 21:30:36] INFO: Analyzing 3 tracks: ['Next Frontier', 'Been Through Hell', 'Tear The Roof Off']
[2026-02-11 21:30:36] INFO: Rotated history file: kept last 50 entries
[2026-02-11 21:30:41] WARNING: MusicBrainz search error for 'Bliss n Eso - Been Through Hell': ('Connection aborted.', ConnectionResetError(104, 'Connection reset by peer'))
[2026-02-11 21:30:42] WARNING: MusicBrainz performer lookup error: ('Connection aborted.', ConnectionResetError(104, 'Connection reset by peer'))
[2026-02-11 21:30:42] INFO: Generated comment: Listening to Bliss n Eso - Next Frontier. Here's something to dig into: Circus In The Sky is the fif...
[2026-02-11 21:32:59] INFO: Starting ScrobbleClaw check...
[2026-02-11 21:32:59] INFO: Last check: 2026-02-11 20:32:02
[2026-02-11 21:32:59] INFO: Analyzing 2 tracks: ['Next Frontier', 'Been Through Hell']
[2026-02-11 21:32:59] INFO: Rotated history file: kept last 50 entries
[2026-02-11 21:33:01] WARNING: MusicBrainz search error for 'Bliss n Eso - Next Frontier': ('Connection aborted.', ConnectionResetError(104, 'Connection reset by peer'))
[2026-02-11 21:33:02] WARNING: MusicBrainz search error for 'Bliss n Eso - Been Through Hell': ('Connection aborted.', ConnectionResetError(104, 'Connection reset by peer'))
[2026-02-11 21:33:03] INFO: Generated comment: Listening to Bliss n Eso - Next Frontier. Here's something to dig into: Circus In The Sky is the fif...
[2026-02-11 22:00:33] INFO: Starting ScrobbleClaw check...
[2026-02-11 22:00:33] INFO: Last check: 2026-02-11 20:35:32
[2026-02-11 22:00:33] INFO: Analyzing 2 tracks: ['Paradise Circus', 'Next Frontier']
[2026-02-11 22:00:33] INFO: Rotated history file: kept last 50 entries
[2026-02-11 22:00:35] WARNING: MusicBrainz search error for 'Massive Attack - Paradise Circus': ('Connection aborted.', ConnectionResetError(104, 'Connection reset by peer'))
[2026-02-11 22:00:36] WARNING: MusicBrainz search error for 'Bliss n Eso - Next Frontier': ('Connection aborted.', ConnectionResetError(104, 'Connection reset by peer'))
[2026-02-11 22:00:37] INFO: Generated comment: Listening to Massive Attack - Paradise Circus. Here's something to dig into: Massive Attack are an E...
[2026-02-11 22:02:55] INFO: Starting ScrobbleClaw check...
[2026-02-11 22:02:55] INFO: Last check: 2026-02-11 20:39:20
[2026-02-11 22:02:55] INFO: Analyzing 1 tracks: ['Paradise Circus']
[2026-02-11 22:02:55] INFO: Rotated history file: kept last 50 entries
[2026-02-11 22:02:57] WARNING: MusicBrainz search error for 'Massive Attack - Paradise Circus': ('Connection aborted.', ConnectionResetError(104, 'Connection reset by peer'))
[2026-02-11 22:02:57] INFO: Generated comment: Listening to Massive Attack - Paradise Circus. Here's something to dig into: Massive Attack are an E...
[2026-02-11 22:32:26] INFO: Starting ScrobbleClaw check...
[2026-02-11 22:32:26] INFO: Last check: 2026-02-11 21:55:37
[2026-02-11 22:32:26] INFO: No new tracks since last check
[2026-02-11 23:01:55] INFO: Starting ScrobbleClaw check...
[2026-02-11 23:01:55] INFO: Last check: 2026-02-11 21:55:37
[2026-02-11 23:01:55] INFO: No new tracks since last check
[2026-02-11 23:02:45] INFO: Starting ScrobbleClaw check...
[2026-02-11 23:02:45] INFO: Last check: 2026-02-11 21:55:37
[2026-02-11 23:02:45] INFO: No new tracks since last check
[2026-02-11 23:30:38] INFO: Starting ScrobbleClaw check...
[2026-02-11 23:30:38] INFO: Last check: 2026-02-11 21:55:37
[2026-02-11 23:30:38] INFO: No new tracks since last check
[2026-02-11 23:32:43] INFO: Starting ScrobbleClaw check...
[2026-02-11 23:32:43] INFO: Last check: 2026-02-11 21:55:37
[2026-02-11 23:32:43] INFO: No new tracks since last check
[2026-02-12 00:03:05] INFO: Starting ScrobbleClaw check...
[2026-02-12 00:03:05] INFO: Last check: 2026-02-11 21:55:37
[2026-02-12 00:03:05] INFO: No new tracks since last check
[2026-02-12 01:12:12] INFO: Starting ScrobbleClaw check...
[2026-02-12 01:12:12] INFO: Last check: 2026-02-11 21:55:37
[2026-02-12 01:12:12] INFO: No new tracks since last check
[2026-02-12 01:12:12] INFO: Starting ScrobbleClaw check...
[2026-02-12 01:12:12] INFO: Last check: 2026-02-11 21:55:37
[2026-02-12 01:12:12] INFO: No new tracks since last check
[2026-02-12 01:12:12] INFO: Starting ScrobbleClaw check...
[2026-02-12 01:12:12] INFO: Last check: 2026-02-11 21:55:37
[2026-02-12 01:12:12] INFO: No new tracks since last check
[2026-02-12 01:12:12] INFO: Starting ScrobbleClaw check...
[2026-02-12 01:12:12] INFO: Last check: 2026-02-11 21:55:37
[2026-02-12 01:12:12] INFO: No new tracks since last check
